c:\rpworkspace\fluffy
-bassoon\.venv\Script
s\python.exe : C:\rpw
orkspace\fluffy-basso
on\src\tracker.py:174
: FutureWarning: The 
behavior of 
DataFrame 
concatenation with 
empty or all-NA 
entries is 
deprecated. In a 
future version, this 
will no longer 
exclude empty or 
all-NA columns when 
determining the 
result dtypes. To 
retain the old 
behavior, exclude 
the relevant entries 
before the concat 
operation.
At line:1 char:1
+ c:\rpworkspace\fluf
fy-bassoon\.venv\Scri
pts\python.exe -m 
unittest te ...
+ ~~~~~~~~~~~~~~~~~~~
~~~~~~~~~~~~~~~~~~~~~
~~~~~~~~~~~~~~~~~~~~~
~~~~~~~~
    + CategoryInfo   
           : NotSpe  
  cified: (C:\rpwo   
 rkspace\...ncat     
operation.:Strin    
g) [], RemoteExc    
eption
    + FullyQualified 
   ErrorId : Native  
  CommandError
 
  df = 
pd.concat([df, pd.Dat
aFrame([new_trade])],
 ignore_index=True)
.C:\rpworkspace\fluff
y-bassoon\src\tracker
.py:174: 
FutureWarning: The 
behavior of 
DataFrame 
concatenation with 
empty or all-NA 
entries is 
deprecated. In a 
future version, this 
will no longer 
exclude empty or 
all-NA columns when 
determining the 
result dtypes. To 
retain the old 
behavior, exclude 
the relevant entries 
before the concat 
operation.
  df = 
pd.concat([df, pd.Dat
aFrame([new_trade])],
 ignore_index=True)
.FF.
=====================
=====================
=====================
=======
FAIL: 
test_position_sizing 
(tests.test_productio
n.TestProductionLogic
.test_position_sizing
)
Test the position 
size utility.
---------------------
---------------------
---------------------
-------
Traceback (most 
recent call last):
  File "C:\rpworkspac
e\fluffy-bassoon\test
s\test_production.py"
, line 100, in 
test_position_sizing
    self.assertEqual(
qty, 100)
    ~~~~~~~~~~~~~~~~^
^^^^^^^^^
AssertionError: 0 != 
100

=====================
=====================
=====================
=======
FAIL: test_rounding (
tests.test_production
.TestProductionLogic.
test_rounding)
Test round_to_tick.
---------------------
---------------------
---------------------
-------
Traceback (most 
recent call last):
  File "C:\rpworkspac
e\fluffy-bassoon\test
s\test_production.py"
, line 104, in 
test_rounding
    self.assertEqual(
round_to_tick(100.03,
 0.05), 100.05)
    ~~~~~~~~~~~~~~~~^
^^^^^^^^^^^^^^^^^^^^^
^^^^^^^^^^^^^^^
AssertionError: 
100.05000000000001 
!= 100.05

---------------------
---------------------
---------------------
-------
Ran 5 tests in 0.070s

FAILED (failures=2)
